2026-08-01 10:45:28.266: [INFO] OnDoneLoading sync enabled: 0
2026-08-01 11:07:13.220: [INFO] OnDoneLoading sync enabled: 0
2026-08-01 11:08:16.177: [INFO] OnDoneLoading sync enabled: 0
2026-08-01 11:09:19.351: [INFO] OnDoneLoading sync enabled: 0
2026-08-01 11:13:48.494: [INFO] OnDoneLoading sync enabled: 0
2026-08-01 11:16:51.184: [INFO] OnDoneLoading sync enabled: 0
2026-08-03 11:32:19.553: [INFO] OnDoneLoading sync enabled: 0
2026-08-03 11:35:43.038: [INFO] OnDoneLoading sync enabled: 0
2026-08-06 10:51:54.817: [INFO] CurrentProfilePath: D:\JAVA\Spring-Boot-2026\SB-Workspaces\02-spring-boot-intro\.metadata\.plugins\org.eclipse.swt\EBWebView\Default
2026-08-06 10:51:54.817: [INFO] Profiles total count: 1
2026-08-06 10:51:54.818: [INFO] Profile: name=Profile 1 path=D:\JAVA\Spring-Boot-2026\SB-Workspaces\02-spring-boot-intro\.metadata\.plugins\org.eclipse.swt\EBWebView\Default lastActive=2026-08-01T10:45:44.925Z
2026-08-06 10:51:54.818: [INFO] LastUsedProfileDir: D:\JAVA\Spring-Boot-2026\SB-Workspaces\02-spring-boot-intro\.metadata\.plugins\org.eclipse.swt\EBWebView\Default
2026-08-06 10:51:54.818: [INFO] MostRecentlyActiveProfile: name=Profile 1 path=D:\JAVA\Spring-Boot-2026\SB-Workspaces\02-spring-boot-intro\.metadata\.plugins\org.eclipse.swt\EBWebView\Default lastActive=2026-08-01T10:45:44.925Z
2026-08-06 10:51:54.818: [INFO] OnDoneLoading sync enabled: 0
2026-08-06 10:51:54.818: [INFO] BookmarkModelLoaded, ids_reassigned: 0
2026-08-06 10:51:54.818: [INFO] BookmarksLoadDropped droppedNodes=0
2026-08-06 10:51:54.818: [INFO] BookmarksSnapshot Startup total=0 bar=0 other=0 mobile=0 showBar=0 showBarNTP=1
2026-08-07 08:09:25.251: [INFO] BookmarksSnapshot Shutdown total=0 bar=0 other=0 mobile=0 showBar=0 showBarNTP=1
2026-08-07 12:08:10.525: [INFO] CurrentProfilePath: D:\JAVA\Spring-Boot-2026\SB-Workspaces\02-spring-boot-intro\.metadata\.plugins\org.eclipse.swt\EBWebView\Default
2026-08-07 12:08:10.525: [INFO] Profiles total count: 1
2026-08-07 12:08:10.525: [INFO] Profile: name=Profile 1 path=D:\JAVA\Spring-Boot-2026\SB-Workspaces\02-spring-boot-intro\.metadata\.plugins\org.eclipse.swt\EBWebView\Default lastActive=2026-08-01T10:45:44.925Z
2026-08-07 12:08:10.525: [INFO] LastUsedProfileDir: D:\JAVA\Spring-Boot-2026\SB-Workspaces\02-spring-boot-intro\.metadata\.plugins\org.eclipse.swt\EBWebView\Default
2026-08-07 12:08:10.525: [INFO] MostRecentlyActiveProfile: name=Profile 1 path=D:\JAVA\Spring-Boot-2026\SB-Workspaces\02-spring-boot-intro\.metadata\.plugins\org.eclipse.swt\EBWebView\Default lastActive=2026-08-01T10:45:44.925Z
2026-08-07 12:08:10.525: [INFO] OnDoneLoading sync enabled: 0
2026-08-07 12:08:10.525: [INFO] BookmarkModelLoaded, ids_reassigned: 0
2026-08-07 12:08:10.525: [INFO] BookmarksLoadDropped droppedNodes=0
2026-08-07 12:08:10.525: [INFO] BookmarksSnapshot Startup total=0 bar=0 other=0 mobile=0 showBar=0 showBarNTP=1
2026-08-07 12:08:33.581: [INFO] BookmarksSnapshot Shutdown total=0 bar=0 other=0 mobile=0 showBar=0 showBarNTP=1
2026-08-07 12:11:01.246: [INFO] CurrentProfilePath: D:\JAVA\Spring-Boot-2026\SB-Workspaces\02-spring-boot-intro\.metadata\.plugins\org.eclipse.swt\EBWebView\Default
2026-08-07 12:11:01.246: [INFO] Profiles total count: 1
2026-08-07 12:11:01.246: [INFO] Profile: name=Profile 1 path=D:\JAVA\Spring-Boot-2026\SB-Workspaces\02-spring-boot-intro\.metadata\.plugins\org.eclipse.swt\EBWebView\Default lastActive=2026-08-01T10:45:44.925Z
2026-08-07 12:11:01.246: [INFO] LastUsedProfileDir: D:\JAVA\Spring-Boot-2026\SB-Workspaces\02-spring-boot-intro\.metadata\.plugins\org.eclipse.swt\EBWebView\Default
2026-08-07 12:11:01.247: [INFO] MostRecentlyActiveProfile: name=Profile 1 path=D:\JAVA\Spring-Boot-2026\SB-Workspaces\02-spring-boot-intro\.metadata\.plugins\org.eclipse.swt\EBWebView\Default lastActive=2026-08-01T10:45:44.925Z
2026-08-07 12:11:01.247: [INFO] OnDoneLoading sync enabled: 0
2026-08-07 12:11:01.247: [INFO] BookmarkModelLoaded, ids_reassigned: 0
2026-08-07 12:11:01.247: [INFO] BookmarksLoadDropped droppedNodes=0
2026-08-07 12:11:01.247: [INFO] BookmarksSnapshot Startup total=0 bar=0 other=0 mobile=0 showBar=0 showBarNTP=1
2026-08-07 12:11:07.331: [INFO] BookmarksSnapshot Shutdown total=0 bar=0 other=0 mobile=0 showBar=0 showBarNTP=1
2026-08-07 12:18:32.678: [INFO] CurrentProfilePath: D:\JAVA\Spring-Boot-2026\SB-Workspaces\02-spring-boot-intro\.metadata\.plugins\org.eclipse.swt\EBWebView\Default
2026-08-07 12:18:32.678: [INFO] Profiles total count: 1
2026-08-07 12:18:32.678: [INFO] Profile: name=Profile 1 path=D:\JAVA\Spring-Boot-2026\SB-Workspaces\02-spring-boot-intro\.metadata\.plugins\org.eclipse.swt\EBWebView\Default lastActive=2026-08-01T10:45:44.925Z
2026-08-07 12:18:32.678: [INFO] LastUsedProfileDir: D:\JAVA\Spring-Boot-2026\SB-Workspaces\02-spring-boot-intro\.metadata\.plugins\org.eclipse.swt\EBWebView\Default
2026-08-07 12:18:32.678: [INFO] MostRecentlyActiveProfile: name=Profile 1 path=D:\JAVA\Spring-Boot-2026\SB-Workspaces\02-spring-boot-intro\.metadata\.plugins\org.eclipse.swt\EBWebView\Default lastActive=2026-08-01T10:45:44.925Z
2026-08-07 12:18:32.678: [INFO] OnDoneLoading sync enabled: 0
2026-08-07 12:18:32.678: [INFO] BookmarkModelLoaded, ids_reassigned: 0
2026-08-07 12:18:32.678: [INFO] BookmarksLoadDropped droppedNodes=0
2026-08-07 12:18:32.678: [INFO] BookmarksSnapshot Startup total=0 bar=0 other=0 mobile=0 showBar=0 showBarNTP=1
2026-08-07 12:18:35.996: [INFO] BookmarksSnapshot Shutdown total=0 bar=0 other=0 mobile=0 showBar=0 showBarNTP=1
2026-08-07 12:18:54.167: [INFO] CurrentProfilePath: D:\JAVA\Spring-Boot-2026\SB-Workspaces\02-spring-boot-intro\.metadata\.plugins\org.eclipse.swt\EBWebView\Default
2026-08-07 12:18:54.167: [INFO] Profiles total count: 1
2026-08-07 12:18:54.167: [INFO] Profile: name=Profile 1 path=D:\JAVA\Spring-Boot-2026\SB-Workspaces\02-spring-boot-intro\.metadata\.plugins\org.eclipse.swt\EBWebView\Default lastActive=2026-08-01T10:45:44.925Z
2026-08-07 12:18:54.167: [INFO] LastUsedProfileDir: D:\JAVA\Spring-Boot-2026\SB-Workspaces\02-spring-boot-intro\.metadata\.plugins\org.eclipse.swt\EBWebView\Default
2026-08-07 12:18:54.167: [INFO] MostRecentlyActiveProfile: name=Profile 1 path=D:\JAVA\Spring-Boot-2026\SB-Workspaces\02-spring-boot-intro\.metadata\.plugins\org.eclipse.swt\EBWebView\Default lastActive=2026-08-01T10:45:44.925Z
2026-08-07 12:18:54.167: [INFO] OnDoneLoading sync enabled: 0
2026-08-07 12:18:54.167: [INFO] BookmarkModelLoaded, ids_reassigned: 0
2026-08-07 12:18:54.167: [INFO] BookmarksLoadDropped droppedNodes=0
2026-08-07 12:18:54.167: [INFO] BookmarksSnapshot Startup total=0 bar=0 other=0 mobile=0 showBar=0 showBarNTP=1
2026-08-07 12:43:26.086: [INFO] BookmarksSnapshot Shutdown total=0 bar=0 other=0 mobile=0 showBar=0 showBarNTP=1
2026-08-07 12:44:54.356: [INFO] CurrentProfilePath: D:\JAVA\Spring-Boot-2026\SB-Workspaces\02-spring-boot-intro\.metadata\.plugins\org.eclipse.swt\EBWebView\Default
2026-08-07 12:44:54.356: [INFO] Profiles total count: 1
2026-08-07 12:44:54.357: [INFO] Profile: name=Profile 1 path=D:\JAVA\Spring-Boot-2026\SB-Workspaces\02-spring-boot-intro\.metadata\.plugins\org.eclipse.swt\EBWebView\Default lastActive=2026-08-01T10:45:44.925Z
2026-08-07 12:44:54.357: [INFO] LastUsedProfileDir: D:\JAVA\Spring-Boot-2026\SB-Workspaces\02-spring-boot-intro\.metadata\.plugins\org.eclipse.swt\EBWebView\Default
2026-08-07 12:44:54.357: [INFO] MostRecentlyActiveProfile: name=Profile 1 path=D:\JAVA\Spring-Boot-2026\SB-Workspaces\02-spring-boot-intro\.metadata\.plugins\org.eclipse.swt\EBWebView\Default lastActive=2026-08-01T10:45:44.925Z
2026-08-07 12:44:54.357: [INFO] OnDoneLoading sync enabled: 0
2026-08-07 12:44:54.357: [INFO] BookmarkModelLoaded, ids_reassigned: 0
2026-08-07 12:44:54.357: [INFO] BookmarksLoadDropped droppedNodes=0
2026-08-07 12:44:54.357: [INFO] BookmarksSnapshot Startup total=0 bar=0 other=0 mobile=0 showBar=0 showBarNTP=1
2026-08-07 12:49:39.290: [INFO] BookmarksSnapshot Shutdown total=0 bar=0 other=0 mobile=0 showBar=0 showBarNTP=1
2026-08-07 12:49:55.723: [INFO] CurrentProfilePath: D:\JAVA\Spring-Boot-2026\SB-Workspaces\02-spring-boot-intro\.metadata\.plugins\org.eclipse.swt\EBWebView\Default
2026-08-07 12:49:55.723: [INFO] Profiles total count: 1
2026-08-07 12:49:55.723: [INFO] Profile: name=Profile 1 path=D:\JAVA\Spring-Boot-2026\SB-Workspaces\02-spring-boot-intro\.metadata\.plugins\org.eclipse.swt\EBWebView\Default lastActive=2026-08-01T10:45:44.925Z
2026-08-07 12:49:55.723: [INFO] LastUsedProfileDir: D:\JAVA\Spring-Boot-2026\SB-Workspaces\02-spring-boot-intro\.metadata\.plugins\org.eclipse.swt\EBWebView\Default
2026-08-07 12:49:55.724: [INFO] MostRecentlyActiveProfile: name=Profile 1 path=D:\JAVA\Spring-Boot-2026\SB-Workspaces\02-spring-boot-intro\.metadata\.plugins\org.eclipse.swt\EBWebView\Default lastActive=2026-08-01T10:45:44.925Z
2026-08-07 12:49:55.724: [INFO] OnDoneLoading sync enabled: 0
2026-08-07 12:49:55.724: [INFO] BookmarkModelLoaded, ids_reassigned: 0
2026-08-07 12:49:55.724: [INFO] BookmarksLoadDropped droppedNodes=0
2026-08-07 12:49:55.724: [INFO] BookmarksSnapshot Startup total=0 bar=0 other=0 mobile=0 showBar=0 showBarNTP=1
2026-08-07 12:56:22.716: [INFO] BookmarksSnapshot Shutdown total=0 bar=0 other=0 mobile=0 showBar=0 showBarNTP=1
2026-08-07 12:56:25.373: [INFO] CurrentProfilePath: D:\JAVA\Spring-Boot-2026\SB-Workspaces\02-spring-boot-intro\.metadata\.plugins\org.eclipse.swt\EBWebView\Default
2026-08-07 12:56:25.373: [INFO] Profiles total count: 1
2026-08-07 12:56:25.374: [INFO] Profile: name=Profile 1 path=D:\JAVA\Spring-Boot-2026\SB-Workspaces\02-spring-boot-intro\.metadata\.plugins\org.eclipse.swt\EBWebView\Default lastActive=2026-08-01T10:45:44.925Z
2026-08-07 12:56:25.374: [INFO] LastUsedProfileDir: D:\JAVA\Spring-Boot-2026\SB-Workspaces\02-spring-boot-intro\.metadata\.plugins\org.eclipse.swt\EBWebView\Default
2026-08-07 12:56:25.374: [INFO] MostRecentlyActiveProfile: name=Profile 1 path=D:\JAVA\Spring-Boot-2026\SB-Workspaces\02-spring-boot-intro\.metadata\.plugins\org.eclipse.swt\EBWebView\Default lastActive=2026-08-01T10:45:44.925Z
2026-08-07 12:56:25.374: [INFO] OnDoneLoading sync enabled: 0
2026-08-07 12:56:25.374: [INFO] BookmarkModelLoaded, ids_reassigned: 0
2026-08-07 12:56:25.374: [INFO] BookmarksLoadDropped droppedNodes=0
2026-08-07 12:56:25.374: [INFO] BookmarksSnapshot Startup total=0 bar=0 other=0 mobile=0 showBar=0 showBarNTP=1
2026-08-07 12:57:09.861: [INFO] BookmarksSnapshot Shutdown total=0 bar=0 other=0 mobile=0 showBar=0 showBarNTP=1
2026-08-07 12:57:10.612: [INFO] CurrentProfilePath: D:\JAVA\Spring-Boot-2026\SB-Workspaces\02-spring-boot-intro\.metadata\.plugins\org.eclipse.swt\EBWebView\Default
2026-08-07 12:57:10.612: [INFO] Profiles total count: 1
2026-08-07 12:57:10.612: [INFO] Profile: name=Profile 1 path=D:\JAVA\Spring-Boot-2026\SB-Workspaces\02-spring-boot-intro\.metadata\.plugins\org.eclipse.swt\EBWebView\Default lastActive=2026-08-01T10:45:44.925Z
2026-08-07 12:57:10.612: [INFO] LastUsedProfileDir: D:\JAVA\Spring-Boot-2026\SB-Workspaces\02-spring-boot-intro\.metadata\.plugins\org.eclipse.swt\EBWebView\Default
2026-08-07 12:57:10.613: [INFO] MostRecentlyActiveProfile: name=Profile 1 path=D:\JAVA\Spring-Boot-2026\SB-Workspaces\02-spring-boot-intro\.metadata\.plugins\org.eclipse.swt\EBWebView\Default lastActive=2026-08-01T10:45:44.925Z
2026-08-07 12:57:10.613: [INFO] OnDoneLoading sync enabled: 0
2026-08-07 12:57:10.613: [INFO] BookmarkModelLoaded, ids_reassigned: 0
2026-08-07 12:57:10.613: [INFO] BookmarksLoadDropped droppedNodes=0
2026-08-07 12:57:10.613: [INFO] BookmarksSnapshot Startup total=0 bar=0 other=0 mobile=0 showBar=0 showBarNTP=1
2026-08-07 13:32:51.359: [INFO] BookmarksSnapshot Shutdown total=0 bar=0 other=0 mobile=0 showBar=0 showBarNTP=1
