2026-08-10 11:17:20.577: [INFO] CurrentProfilePath: D:\JAVA\Spring-Boot-2026\SB-Workspaces\03-spring-JDBC\.metadata\.plugins\org.eclipse.swt\EBWebView\Default
2026-08-10 11:17:20.577: [INFO] Profiles total count: 1
2026-08-10 11:17:20.577: [INFO] Profile: name=Profile 1 path=D:\JAVA\Spring-Boot-2026\SB-Workspaces\03-spring-JDBC\.metadata\.plugins\org.eclipse.swt\EBWebView\Default lastActive=null
2026-08-10 11:17:20.577: [INFO] LastUsedProfileDir: D:\JAVA\Spring-Boot-2026\SB-Workspaces\03-spring-JDBC\.metadata\.plugins\org.eclipse.swt\EBWebView\Default
2026-08-10 11:17:20.577: [INFO] OnDoneLoading sync enabled: 0
2026-08-10 11:17:20.577: [INFO] BookmarkModelLoaded, ids_reassigned: 0
2026-08-10 11:17:20.577: [INFO] BookmarksLoadDropped droppedNodes=0
2026-08-10 11:17:20.577: [INFO] BookmarksSnapshot Startup total=0 bar=0 other=0 mobile=0 showBar=0 showBarNTP=1
2026-08-10 11:17:20.833: [INFO] BookmarksSnapshot Shutdown total=0 bar=0 other=0 mobile=0 showBar=0 showBarNTP=1
2026-08-10 11:35:00.638: [INFO] CurrentProfilePath: D:\JAVA\Spring-Boot-2026\SB-Workspaces\03-spring-JDBC\.metadata\.plugins\org.eclipse.swt\EBWebView\Default
2026-08-10 11:35:00.638: [INFO] Profiles total count: 1
2026-08-10 11:35:00.638: [INFO] Profile: name=Profile 1 path=D:\JAVA\Spring-Boot-2026\SB-Workspaces\03-spring-JDBC\.metadata\.plugins\org.eclipse.swt\EBWebView\Default lastActive=null
2026-08-10 11:35:00.638: [INFO] LastUsedProfileDir: D:\JAVA\Spring-Boot-2026\SB-Workspaces\03-spring-JDBC\.metadata\.plugins\org.eclipse.swt\EBWebView\Default
2026-08-10 11:35:00.638: [INFO] OnDoneLoading sync enabled: 0
2026-08-10 11:35:00.638: [INFO] BookmarkModelLoaded, ids_reassigned: 0
2026-08-10 11:35:00.638: [INFO] BookmarksLoadDropped droppedNodes=0
2026-08-10 11:35:00.638: [INFO] BookmarksSnapshot Startup total=0 bar=0 other=0 mobile=0 showBar=0 showBarNTP=1
2026-08-10 11:35:01.802: [INFO] BookmarksSnapshot Shutdown total=0 bar=0 other=0 mobile=0 showBar=0 showBarNTP=1
2026-08-10 11:35:03.004: [INFO] CurrentProfilePath: D:\JAVA\Spring-Boot-2026\SB-Workspaces\03-spring-JDBC\.metadata\.plugins\org.eclipse.swt\EBWebView\Default
2026-08-10 11:35:03.004: [INFO] Profiles total count: 1
2026-08-10 11:35:03.004: [INFO] Profile: name=Profile 1 path=D:\JAVA\Spring-Boot-2026\SB-Workspaces\03-spring-JDBC\.metadata\.plugins\org.eclipse.swt\EBWebView\Default lastActive=null
2026-08-10 11:35:03.004: [INFO] LastUsedProfileDir: D:\JAVA\Spring-Boot-2026\SB-Workspaces\03-spring-JDBC\.metadata\.plugins\org.eclipse.swt\EBWebView\Default
2026-08-10 11:35:03.004: [INFO] OnDoneLoading sync enabled: 0
2026-08-10 11:35:03.004: [INFO] BookmarkModelLoaded, ids_reassigned: 0
2026-08-10 11:35:03.004: [INFO] BookmarksLoadDropped droppedNodes=0
2026-08-10 11:35:03.004: [INFO] BookmarksSnapshot Startup total=0 bar=0 other=0 mobile=0 showBar=0 showBarNTP=1
2026-08-10 11:35:07.026: [INFO] BookmarksSnapshot Shutdown total=0 bar=0 other=0 mobile=0 showBar=0 showBarNTP=1
2026-08-10 11:35:09.175: [INFO] CurrentProfilePath: D:\JAVA\Spring-Boot-2026\SB-Workspaces\03-spring-JDBC\.metadata\.plugins\org.eclipse.swt\EBWebView\Default
2026-08-10 11:35:09.175: [INFO] Profiles total count: 1
2026-08-10 11:35:09.175: [INFO] Profile: name=Profile 1 path=D:\JAVA\Spring-Boot-2026\SB-Workspaces\03-spring-JDBC\.metadata\.plugins\org.eclipse.swt\EBWebView\Default lastActive=null
2026-08-10 11:35:09.175: [INFO] LastUsedProfileDir: D:\JAVA\Spring-Boot-2026\SB-Workspaces\03-spring-JDBC\.metadata\.plugins\org.eclipse.swt\EBWebView\Default
2026-08-10 11:35:09.175: [INFO] OnDoneLoading sync enabled: 0
2026-08-10 11:35:09.175: [INFO] BookmarkModelLoaded, ids_reassigned: 0
2026-08-10 11:35:09.175: [INFO] BookmarksLoadDropped droppedNodes=0
2026-08-10 11:35:09.175: [INFO] BookmarksSnapshot Startup total=0 bar=0 other=0 mobile=0 showBar=0 showBarNTP=1
2026-08-10 11:35:11.697: [INFO] BookmarksSnapshot Shutdown total=0 bar=0 other=0 mobile=0 showBar=0 showBarNTP=1
2026-08-10 11:37:08.407: [INFO] CurrentProfilePath: D:\JAVA\Spring-Boot-2026\SB-Workspaces\03-spring-JDBC\.metadata\.plugins\org.eclipse.swt\EBWebView\Default
2026-08-10 11:37:08.407: [INFO] Profiles total count: 1
2026-08-10 11:37:08.407: [INFO] Profile: name=Profile 1 path=D:\JAVA\Spring-Boot-2026\SB-Workspaces\03-spring-JDBC\.metadata\.plugins\org.eclipse.swt\EBWebView\Default lastActive=null
2026-08-10 11:37:08.407: [INFO] LastUsedProfileDir: D:\JAVA\Spring-Boot-2026\SB-Workspaces\03-spring-JDBC\.metadata\.plugins\org.eclipse.swt\EBWebView\Default
2026-08-10 11:37:08.407: [INFO] OnDoneLoading sync enabled: 0
2026-08-10 11:37:08.407: [INFO] BookmarkModelLoaded, ids_reassigned: 0
2026-08-10 11:37:08.407: [INFO] BookmarksLoadDropped droppedNodes=0
2026-08-10 11:37:08.407: [INFO] BookmarksSnapshot Startup total=0 bar=0 other=0 mobile=0 showBar=0 showBarNTP=1
2026-08-10 13:54:50.331: [INFO] BookmarksSnapshot Shutdown total=0 bar=0 other=0 mobile=0 showBar=0 showBarNTP=1
2026-08-11 13:48:42.883: [INFO] CurrentProfilePath: D:\JAVA\Spring-Boot-2026\SB-Workspaces\03-spring-JDBC\.metadata\.plugins\org.eclipse.swt\EBWebView\Default
2026-08-11 13:48:42.883: [INFO] Profiles total count: 1
2026-08-11 13:48:42.883: [INFO] Profile: name=Profile 1 path=D:\JAVA\Spring-Boot-2026\SB-Workspaces\03-spring-JDBC\.metadata\.plugins\org.eclipse.swt\EBWebView\Default lastActive=null
2026-08-11 13:48:42.883: [INFO] LastUsedProfileDir: D:\JAVA\Spring-Boot-2026\SB-Workspaces\03-spring-JDBC\.metadata\.plugins\org.eclipse.swt\EBWebView\Default
2026-08-11 13:48:42.883: [INFO] OnDoneLoading sync enabled: 0
2026-08-11 13:48:42.883: [INFO] BookmarkModelLoaded, ids_reassigned: 0
2026-08-11 13:48:42.883: [INFO] BookmarksLoadDropped droppedNodes=0
2026-08-11 13:48:42.883: [INFO] BookmarksSnapshot Startup total=0 bar=0 other=0 mobile=0 showBar=0 showBarNTP=1
2026-08-11 13:48:46.750: [INFO] BookmarksSnapshot Shutdown total=0 bar=0 other=0 mobile=0 showBar=0 showBarNTP=1
2026-08-11 13:50:47.086: [INFO] CurrentProfilePath: D:\JAVA\Spring-Boot-2026\SB-Workspaces\03-spring-JDBC\.metadata\.plugins\org.eclipse.swt\EBWebView\Default
2026-08-11 13:50:47.086: [INFO] Profiles total count: 1
2026-08-11 13:50:47.086: [INFO] Profile: name=Profile 1 path=D:\JAVA\Spring-Boot-2026\SB-Workspaces\03-spring-JDBC\.metadata\.plugins\org.eclipse.swt\EBWebView\Default lastActive=null
2026-08-11 13:50:47.086: [INFO] LastUsedProfileDir: D:\JAVA\Spring-Boot-2026\SB-Workspaces\03-spring-JDBC\.metadata\.plugins\org.eclipse.swt\EBWebView\Default
2026-08-11 13:50:47.086: [INFO] OnDoneLoading sync enabled: 0
2026-08-11 13:50:47.086: [INFO] BookmarkModelLoaded, ids_reassigned: 0
2026-08-11 13:50:47.086: [INFO] BookmarksLoadDropped droppedNodes=0
2026-08-11 13:50:47.086: [INFO] BookmarksSnapshot Startup total=0 bar=0 other=0 mobile=0 showBar=0 showBarNTP=1
2026-08-11 13:50:50.309: [INFO] BookmarksSnapshot Shutdown total=0 bar=0 other=0 mobile=0 showBar=0 showBarNTP=1
2026-08-11 13:50:53.675: [INFO] CurrentProfilePath: D:\JAVA\Spring-Boot-2026\SB-Workspaces\03-spring-JDBC\.metadata\.plugins\org.eclipse.swt\EBWebView\Default
2026-08-11 13:50:53.675: [INFO] Profiles total count: 1
2026-08-11 13:50:53.675: [INFO] Profile: name=Profile 1 path=D:\JAVA\Spring-Boot-2026\SB-Workspaces\03-spring-JDBC\.metadata\.plugins\org.eclipse.swt\EBWebView\Default lastActive=null
2026-08-11 13:50:53.675: [INFO] LastUsedProfileDir: D:\JAVA\Spring-Boot-2026\SB-Workspaces\03-spring-JDBC\.metadata\.plugins\org.eclipse.swt\EBWebView\Default
2026-08-11 13:50:53.675: [INFO] OnDoneLoading sync enabled: 0
2026-08-11 13:50:53.675: [INFO] BookmarkModelLoaded, ids_reassigned: 0
2026-08-11 13:50:53.675: [INFO] BookmarksLoadDropped droppedNodes=0
2026-08-11 13:50:53.675: [INFO] BookmarksSnapshot Startup total=0 bar=0 other=0 mobile=0 showBar=0 showBarNTP=1
2026-08-11 13:50:58.267: [INFO] BookmarksSnapshot Shutdown total=0 bar=0 other=0 mobile=0 showBar=0 showBarNTP=1
2026-08-11 13:50:59.971: [INFO] CurrentProfilePath: D:\JAVA\Spring-Boot-2026\SB-Workspaces\03-spring-JDBC\.metadata\.plugins\org.eclipse.swt\EBWebView\Default
2026-08-11 13:50:59.971: [INFO] Profiles total count: 1
2026-08-11 13:50:59.971: [INFO] Profile: name=Profile 1 path=D:\JAVA\Spring-Boot-2026\SB-Workspaces\03-spring-JDBC\.metadata\.plugins\org.eclipse.swt\EBWebView\Default lastActive=null
2026-08-11 13:50:59.971: [INFO] LastUsedProfileDir: D:\JAVA\Spring-Boot-2026\SB-Workspaces\03-spring-JDBC\.metadata\.plugins\org.eclipse.swt\EBWebView\Default
2026-08-11 13:50:59.971: [INFO] OnDoneLoading sync enabled: 0
2026-08-11 13:50:59.971: [INFO] BookmarkModelLoaded, ids_reassigned: 0
2026-08-11 13:50:59.971: [INFO] BookmarksLoadDropped droppedNodes=0
2026-08-11 13:50:59.971: [INFO] BookmarksSnapshot Startup total=0 bar=0 other=0 mobile=0 showBar=0 showBarNTP=1
2026-08-11 13:51:15.002: [INFO] BookmarksSnapshot Shutdown total=0 bar=0 other=0 mobile=0 showBar=0 showBarNTP=1
2026-08-11 13:51:16.608: [INFO] CurrentProfilePath: D:\JAVA\Spring-Boot-2026\SB-Workspaces\03-spring-JDBC\.metadata\.plugins\org.eclipse.swt\EBWebView\Default
2026-08-11 13:51:16.608: [INFO] Profiles total count: 1
2026-08-11 13:51:16.608: [INFO] Profile: name=Profile 1 path=D:\JAVA\Spring-Boot-2026\SB-Workspaces\03-spring-JDBC\.metadata\.plugins\org.eclipse.swt\EBWebView\Default lastActive=null
2026-08-11 13:51:16.608: [INFO] LastUsedProfileDir: D:\JAVA\Spring-Boot-2026\SB-Workspaces\03-spring-JDBC\.metadata\.plugins\org.eclipse.swt\EBWebView\Default
2026-08-11 13:51:16.608: [INFO] OnDoneLoading sync enabled: 0
2026-08-11 13:51:16.608: [INFO] BookmarkModelLoaded, ids_reassigned: 0
2026-08-11 13:51:16.608: [INFO] BookmarksLoadDropped droppedNodes=0
2026-08-11 13:51:16.608: [INFO] BookmarksSnapshot Startup total=0 bar=0 other=0 mobile=0 showBar=0 showBarNTP=1
2026-08-11 13:51:20.989: [INFO] BookmarksSnapshot Shutdown total=0 bar=0 other=0 mobile=0 showBar=0 showBarNTP=1
2026-08-11 13:51:41.686: [INFO] CurrentProfilePath: D:\JAVA\Spring-Boot-2026\SB-Workspaces\03-spring-JDBC\.metadata\.plugins\org.eclipse.swt\EBWebView\Default
2026-08-11 13:51:41.686: [INFO] Profiles total count: 1
2026-08-11 13:51:41.687: [INFO] Profile: name=Profile 1 path=D:\JAVA\Spring-Boot-2026\SB-Workspaces\03-spring-JDBC\.metadata\.plugins\org.eclipse.swt\EBWebView\Default lastActive=null
2026-08-11 13:51:41.687: [INFO] LastUsedProfileDir: D:\JAVA\Spring-Boot-2026\SB-Workspaces\03-spring-JDBC\.metadata\.plugins\org.eclipse.swt\EBWebView\Default
2026-08-11 13:51:41.687: [INFO] OnDoneLoading sync enabled: 0
2026-08-11 13:51:41.687: [INFO] BookmarkModelLoaded, ids_reassigned: 0
2026-08-11 13:51:41.687: [INFO] BookmarksLoadDropped droppedNodes=0
2026-08-11 13:51:41.687: [INFO] BookmarksSnapshot Startup total=0 bar=0 other=0 mobile=0 showBar=0 showBarNTP=1
2026-08-11 13:52:21.209: [INFO] BookmarksSnapshot Shutdown total=0 bar=0 other=0 mobile=0 showBar=0 showBarNTP=1
2026-08-11 13:53:12.346: [INFO] CurrentProfilePath: D:\JAVA\Spring-Boot-2026\SB-Workspaces\03-spring-JDBC\.metadata\.plugins\org.eclipse.swt\EBWebView\Default
2026-08-11 13:53:12.346: [INFO] Profiles total count: 1
2026-08-11 13:53:12.346: [INFO] Profile: name=Profile 1 path=D:\JAVA\Spring-Boot-2026\SB-Workspaces\03-spring-JDBC\.metadata\.plugins\org.eclipse.swt\EBWebView\Default lastActive=null
2026-08-11 13:53:12.346: [INFO] LastUsedProfileDir: D:\JAVA\Spring-Boot-2026\SB-Workspaces\03-spring-JDBC\.metadata\.plugins\org.eclipse.swt\EBWebView\Default
2026-08-11 13:53:12.346: [INFO] OnDoneLoading sync enabled: 0
2026-08-11 13:53:12.346: [INFO] BookmarkModelLoaded, ids_reassigned: 0
2026-08-11 13:53:12.346: [INFO] BookmarksLoadDropped droppedNodes=0
2026-08-11 13:53:12.346: [INFO] BookmarksSnapshot Startup total=0 bar=0 other=0 mobile=0 showBar=0 showBarNTP=1
2026-08-11 13:53:12.547: [INFO] BookmarksSnapshot Shutdown total=0 bar=0 other=0 mobile=0 showBar=0 showBarNTP=1
2026-08-11 13:54:05.655: [INFO] CurrentProfilePath: D:\JAVA\Spring-Boot-2026\SB-Workspaces\03-spring-JDBC\.metadata\.plugins\org.eclipse.swt\EBWebView\Default
2026-08-11 13:54:05.655: [INFO] Profiles total count: 1
2026-08-11 13:54:05.655: [INFO] Profile: name=Profile 1 path=D:\JAVA\Spring-Boot-2026\SB-Workspaces\03-spring-JDBC\.metadata\.plugins\org.eclipse.swt\EBWebView\Default lastActive=null
2026-08-11 13:54:05.655: [INFO] LastUsedProfileDir: D:\JAVA\Spring-Boot-2026\SB-Workspaces\03-spring-JDBC\.metadata\.plugins\org.eclipse.swt\EBWebView\Default
2026-08-11 13:54:05.655: [INFO] OnDoneLoading sync enabled: 0
2026-08-11 13:54:05.655: [INFO] BookmarkModelLoaded, ids_reassigned: 0
2026-08-11 13:54:05.655: [INFO] BookmarksLoadDropped droppedNodes=0
2026-08-11 13:54:05.655: [INFO] BookmarksSnapshot Startup total=0 bar=0 other=0 mobile=0 showBar=0 showBarNTP=1
2026-08-11 13:55:01.495: [INFO] BookmarksSnapshot Shutdown total=0 bar=0 other=0 mobile=0 showBar=0 showBarNTP=1
2026-08-11 13:55:14.344: [INFO] CurrentProfilePath: D:\JAVA\Spring-Boot-2026\SB-Workspaces\03-spring-JDBC\.metadata\.plugins\org.eclipse.swt\EBWebView\Default
2026-08-11 13:55:14.344: [INFO] Profiles total count: 1
2026-08-11 13:55:14.344: [INFO] Profile: name=Profile 1 path=D:\JAVA\Spring-Boot-2026\SB-Workspaces\03-spring-JDBC\.metadata\.plugins\org.eclipse.swt\EBWebView\Default lastActive=null
2026-08-11 13:55:14.344: [INFO] LastUsedProfileDir: D:\JAVA\Spring-Boot-2026\SB-Workspaces\03-spring-JDBC\.metadata\.plugins\org.eclipse.swt\EBWebView\Default
2026-08-11 13:55:14.344: [INFO] OnDoneLoading sync enabled: 0
2026-08-11 13:55:14.344: [INFO] BookmarkModelLoaded, ids_reassigned: 0
2026-08-11 13:55:14.344: [INFO] BookmarksLoadDropped droppedNodes=0
2026-08-11 13:55:14.344: [INFO] BookmarksSnapshot Startup total=0 bar=0 other=0 mobile=0 showBar=0 showBarNTP=1
2026-08-11 13:55:21.219: [INFO] BookmarksSnapshot Shutdown total=0 bar=0 other=0 mobile=0 showBar=0 showBarNTP=1
2026-08-11 13:56:25.751: [INFO] CurrentProfilePath: D:\JAVA\Spring-Boot-2026\SB-Workspaces\03-spring-JDBC\.metadata\.plugins\org.eclipse.swt\EBWebView\Default
2026-08-11 13:56:25.751: [INFO] Profiles total count: 1
2026-08-11 13:56:25.751: [INFO] Profile: name=Profile 1 path=D:\JAVA\Spring-Boot-2026\SB-Workspaces\03-spring-JDBC\.metadata\.plugins\org.eclipse.swt\EBWebView\Default lastActive=null
2026-08-11 13:56:25.751: [INFO] LastUsedProfileDir: D:\JAVA\Spring-Boot-2026\SB-Workspaces\03-spring-JDBC\.metadata\.plugins\org.eclipse.swt\EBWebView\Default
2026-08-11 13:56:25.751: [INFO] OnDoneLoading sync enabled: 0
2026-08-11 13:56:25.751: [INFO] BookmarkModelLoaded, ids_reassigned: 0
2026-08-11 13:56:25.751: [INFO] BookmarksLoadDropped droppedNodes=0
2026-08-11 13:56:25.751: [INFO] BookmarksSnapshot Startup total=0 bar=0 other=0 mobile=0 showBar=0 showBarNTP=1
2026-08-11 14:01:12.755: [INFO] BookmarksSnapshot Shutdown total=0 bar=0 other=0 mobile=0 showBar=0 showBarNTP=1
2026-08-11 14:02:51.371: [INFO] CurrentProfilePath: D:\JAVA\Spring-Boot-2026\SB-Workspaces\03-spring-JDBC\.metadata\.plugins\org.eclipse.swt\EBWebView\Default
2026-08-11 14:02:51.371: [INFO] Profiles total count: 1
2026-08-11 14:02:51.371: [INFO] Profile: name=Profile 1 path=D:\JAVA\Spring-Boot-2026\SB-Workspaces\03-spring-JDBC\.metadata\.plugins\org.eclipse.swt\EBWebView\Default lastActive=null
2026-08-11 14:02:51.371: [INFO] LastUsedProfileDir: D:\JAVA\Spring-Boot-2026\SB-Workspaces\03-spring-JDBC\.metadata\.plugins\org.eclipse.swt\EBWebView\Default
2026-08-11 14:02:51.371: [INFO] OnDoneLoading sync enabled: 0
2026-08-11 14:02:51.371: [INFO] BookmarkModelLoaded, ids_reassigned: 0
2026-08-11 14:02:51.371: [INFO] BookmarksLoadDropped droppedNodes=0
2026-08-11 14:02:51.371: [INFO] BookmarksSnapshot Startup total=0 bar=0 other=0 mobile=0 showBar=0 showBarNTP=1
2026-08-11 14:02:51.583: [INFO] BookmarksSnapshot Shutdown total=0 bar=0 other=0 mobile=0 showBar=0 showBarNTP=1
2026-08-11 14:03:33.253: [INFO] CurrentProfilePath: D:\JAVA\Spring-Boot-2026\SB-Workspaces\03-spring-JDBC\.metadata\.plugins\org.eclipse.swt\EBWebView\Default
2026-08-11 14:03:33.253: [INFO] Profiles total count: 1
2026-08-11 14:03:33.253: [INFO] Profile: name=Profile 1 path=D:\JAVA\Spring-Boot-2026\SB-Workspaces\03-spring-JDBC\.metadata\.plugins\org.eclipse.swt\EBWebView\Default lastActive=null
2026-08-11 14:03:33.253: [INFO] LastUsedProfileDir: D:\JAVA\Spring-Boot-2026\SB-Workspaces\03-spring-JDBC\.metadata\.plugins\org.eclipse.swt\EBWebView\Default
2026-08-11 14:03:33.253: [INFO] OnDoneLoading sync enabled: 0
2026-08-11 14:03:33.253: [INFO] BookmarkModelLoaded, ids_reassigned: 0
2026-08-11 14:03:33.253: [INFO] BookmarksLoadDropped droppedNodes=0
2026-08-11 14:03:33.253: [INFO] BookmarksSnapshot Startup total=0 bar=0 other=0 mobile=0 showBar=0 showBarNTP=1
2026-08-11 14:06:58.832: [INFO] BookmarksSnapshot Shutdown total=0 bar=0 other=0 mobile=0 showBar=0 showBarNTP=1
2026-08-12 08:35:08.399: [INFO] CurrentProfilePath: D:\JAVA\Spring-Boot-2026\SB-Workspaces\03-spring-JDBC\.metadata\.plugins\org.eclipse.swt\EBWebView\Default
2026-08-12 08:35:08.399: [INFO] Profiles total count: 1
2026-08-12 08:35:08.399: [INFO] Profile: name=Profile 1 path=D:\JAVA\Spring-Boot-2026\SB-Workspaces\03-spring-JDBC\.metadata\.plugins\org.eclipse.swt\EBWebView\Default lastActive=null
2026-08-12 08:35:08.399: [INFO] LastUsedProfileDir: D:\JAVA\Spring-Boot-2026\SB-Workspaces\03-spring-JDBC\.metadata\.plugins\org.eclipse.swt\EBWebView\Default
2026-08-12 08:35:08.399: [INFO] OnDoneLoading sync enabled: 0
2026-08-12 08:35:08.399: [INFO] BookmarkModelLoaded, ids_reassigned: 0
2026-08-12 08:35:08.399: [INFO] BookmarksLoadDropped droppedNodes=0
2026-08-12 08:35:08.399: [INFO] BookmarksSnapshot Startup total=0 bar=0 other=0 mobile=0 showBar=0 showBarNTP=1
2026-08-12 14:19:28.053: [INFO] BookmarksSnapshot Shutdown total=0 bar=0 other=0 mobile=0 showBar=0 showBarNTP=1
2026-08-14 08:27:31.748: [INFO] CurrentProfilePath: D:\JAVA\Spring-Boot-2026\SB-Workspaces\03-spring-JDBC\.metadata\.plugins\org.eclipse.swt\EBWebView\Default
2026-08-14 08:27:31.748: [INFO] Profiles total count: 1
2026-08-14 08:27:31.748: [INFO] Profile: name=Profile 1 path=D:\JAVA\Spring-Boot-2026\SB-Workspaces\03-spring-JDBC\.metadata\.plugins\org.eclipse.swt\EBWebView\Default lastActive=null
2026-08-14 08:27:31.748: [INFO] LastUsedProfileDir: D:\JAVA\Spring-Boot-2026\SB-Workspaces\03-spring-JDBC\.metadata\.plugins\org.eclipse.swt\EBWebView\Default
2026-08-14 08:27:31.748: [INFO] OnDoneLoading sync enabled: 0
2026-08-14 08:27:31.748: [INFO] BookmarkModelLoaded, ids_reassigned: 0
2026-08-14 08:27:31.748: [INFO] BookmarksLoadDropped droppedNodes=0
2026-08-14 08:27:31.748: [INFO] BookmarksSnapshot Startup total=0 bar=0 other=0 mobile=0 showBar=0 showBarNTP=1
2026-08-14 10:16:28.083: [INFO] BookmarksSnapshot Shutdown total=0 bar=0 other=0 mobile=0 showBar=0 showBarNTP=1
2026-08-14 10:44:07.568: [INFO] CurrentProfilePath: D:\JAVA\Spring-Boot-2026\SB-Workspaces\03-spring-JDBC\.metadata\.plugins\org.eclipse.swt\EBWebView\Default
2026-08-14 10:44:07.568: [INFO] Profiles total count: 1
2026-08-14 10:44:07.568: [INFO] Profile: name=Profile 1 path=D:\JAVA\Spring-Boot-2026\SB-Workspaces\03-spring-JDBC\.metadata\.plugins\org.eclipse.swt\EBWebView\Default lastActive=null
2026-08-14 10:44:07.568: [INFO] LastUsedProfileDir: D:\JAVA\Spring-Boot-2026\SB-Workspaces\03-spring-JDBC\.metadata\.plugins\org.eclipse.swt\EBWebView\Default
2026-08-14 10:44:07.568: [INFO] OnDoneLoading sync enabled: 0
2026-08-14 10:44:07.568: [INFO] BookmarkModelLoaded, ids_reassigned: 0
2026-08-14 10:44:07.568: [INFO] BookmarksLoadDropped droppedNodes=0
2026-08-14 10:44:07.568: [INFO] BookmarksSnapshot Startup total=0 bar=0 other=0 mobile=0 showBar=0 showBarNTP=1
2026-08-14 10:44:13.428: [INFO] BookmarksSnapshot Shutdown total=0 bar=0 other=0 mobile=0 showBar=0 showBarNTP=1
2026-08-14 10:54:40.716: [INFO] CurrentProfilePath: D:\JAVA\Spring-Boot-2026\SB-Workspaces\03-spring-JDBC\.metadata\.plugins\org.eclipse.swt\EBWebView\Default
2026-08-14 10:54:40.716: [INFO] Profiles total count: 1
2026-08-14 10:54:40.716: [INFO] Profile: name=Profile 1 path=D:\JAVA\Spring-Boot-2026\SB-Workspaces\03-spring-JDBC\.metadata\.plugins\org.eclipse.swt\EBWebView\Default lastActive=null
2026-08-14 10:54:40.716: [INFO] LastUsedProfileDir: D:\JAVA\Spring-Boot-2026\SB-Workspaces\03-spring-JDBC\.metadata\.plugins\org.eclipse.swt\EBWebView\Default
2026-08-14 10:54:40.716: [INFO] OnDoneLoading sync enabled: 0
2026-08-14 10:54:40.716: [INFO] BookmarkModelLoaded, ids_reassigned: 0
2026-08-14 10:54:40.716: [INFO] BookmarksLoadDropped droppedNodes=0
2026-08-14 10:54:40.716: [INFO] BookmarksSnapshot Startup total=0 bar=0 other=0 mobile=0 showBar=0 showBarNTP=1
2026-08-14 10:54:44.778: [INFO] BookmarksSnapshot Shutdown total=0 bar=0 other=0 mobile=0 showBar=0 showBarNTP=1
2026-08-14 10:58:51.686: [INFO] CurrentProfilePath: D:\JAVA\Spring-Boot-2026\SB-Workspaces\03-spring-JDBC\.metadata\.plugins\org.eclipse.swt\EBWebView\Default
2026-08-14 10:58:51.686: [INFO] Profiles total count: 1
2026-08-14 10:58:51.686: [INFO] Profile: name=Profile 1 path=D:\JAVA\Spring-Boot-2026\SB-Workspaces\03-spring-JDBC\.metadata\.plugins\org.eclipse.swt\EBWebView\Default lastActive=null
2026-08-14 10:58:51.686: [INFO] LastUsedProfileDir: D:\JAVA\Spring-Boot-2026\SB-Workspaces\03-spring-JDBC\.metadata\.plugins\org.eclipse.swt\EBWebView\Default
2026-08-14 10:58:51.686: [INFO] OnDoneLoading sync enabled: 0
2026-08-14 10:58:51.686: [INFO] BookmarkModelLoaded, ids_reassigned: 0
2026-08-14 10:58:51.686: [INFO] BookmarksLoadDropped droppedNodes=0
2026-08-14 10:58:51.686: [INFO] BookmarksSnapshot Startup total=0 bar=0 other=0 mobile=0 showBar=0 showBarNTP=1
2026-08-14 10:58:52.031: [INFO] BookmarksSnapshot Shutdown total=0 bar=0 other=0 mobile=0 showBar=0 showBarNTP=1
2026-08-14 11:01:22.749: [INFO] CurrentProfilePath: D:\JAVA\Spring-Boot-2026\SB-Workspaces\03-spring-JDBC\.metadata\.plugins\org.eclipse.swt\EBWebView\Default
2026-08-14 11:01:22.749: [INFO] Profiles total count: 1
2026-08-14 11:01:22.749: [INFO] Profile: name=Profile 1 path=D:\JAVA\Spring-Boot-2026\SB-Workspaces\03-spring-JDBC\.metadata\.plugins\org.eclipse.swt\EBWebView\Default lastActive=null
2026-08-14 11:01:22.749: [INFO] LastUsedProfileDir: D:\JAVA\Spring-Boot-2026\SB-Workspaces\03-spring-JDBC\.metadata\.plugins\org.eclipse.swt\EBWebView\Default
2026-08-14 11:01:22.749: [INFO] OnDoneLoading sync enabled: 0
2026-08-14 11:01:22.749: [INFO] BookmarkModelLoaded, ids_reassigned: 0
2026-08-14 11:01:22.749: [INFO] BookmarksLoadDropped droppedNodes=0
2026-08-14 11:01:22.749: [INFO] BookmarksSnapshot Startup total=0 bar=0 other=0 mobile=0 showBar=0 showBarNTP=1
2026-08-14 14:13:53.592: [INFO] BookmarksSnapshot Shutdown total=0 bar=0 other=0 mobile=0 showBar=0 showBarNTP=1
2026-08-15 13:07:40.941: [INFO] CurrentProfilePath: D:\JAVA\Spring-Boot-2026\SB-Workspaces\03-spring-JDBC\.metadata\.plugins\org.eclipse.swt\EBWebView\Default
2026-08-15 13:07:40.941: [INFO] Profiles total count: 1
2026-08-15 13:07:40.941: [INFO] Profile: name=Profile 1 path=D:\JAVA\Spring-Boot-2026\SB-Workspaces\03-spring-JDBC\.metadata\.plugins\org.eclipse.swt\EBWebView\Default lastActive=null
2026-08-15 13:07:40.941: [INFO] LastUsedProfileDir: D:\JAVA\Spring-Boot-2026\SB-Workspaces\03-spring-JDBC\.metadata\.plugins\org.eclipse.swt\EBWebView\Default
2026-08-15 13:07:40.941: [INFO] OnDoneLoading sync enabled: 0
2026-08-15 13:07:40.941: [INFO] BookmarkModelLoaded, ids_reassigned: 0
2026-08-15 13:07:40.941: [INFO] BookmarksLoadDropped droppedNodes=0
2026-08-15 13:07:40.941: [INFO] BookmarksSnapshot Startup total=0 bar=0 other=0 mobile=0 showBar=0 showBarNTP=1
2026-08-15 13:07:46.811: [INFO] BookmarksSnapshot Shutdown total=0 bar=0 other=0 mobile=0 showBar=0 showBarNTP=1
2026-08-15 13:07:47.529: [INFO] CurrentProfilePath: D:\JAVA\Spring-Boot-2026\SB-Workspaces\03-spring-JDBC\.metadata\.plugins\org.eclipse.swt\EBWebView\Default
2026-08-15 13:07:47.529: [INFO] Profiles total count: 1
2026-08-15 13:07:47.529: [INFO] Profile: name=Profile 1 path=D:\JAVA\Spring-Boot-2026\SB-Workspaces\03-spring-JDBC\.metadata\.plugins\org.eclipse.swt\EBWebView\Default lastActive=null
2026-08-15 13:07:47.529: [INFO] LastUsedProfileDir: D:\JAVA\Spring-Boot-2026\SB-Workspaces\03-spring-JDBC\.metadata\.plugins\org.eclipse.swt\EBWebView\Default
2026-08-15 13:07:47.529: [INFO] OnDoneLoading sync enabled: 0
2026-08-15 13:07:47.529: [INFO] BookmarkModelLoaded, ids_reassigned: 0
2026-08-15 13:07:47.529: [INFO] BookmarksLoadDropped droppedNodes=0
2026-08-15 13:07:47.529: [INFO] BookmarksSnapshot Startup total=0 bar=0 other=0 mobile=0 showBar=0 showBarNTP=1
2026-08-15 13:07:50.148: [INFO] BookmarksSnapshot Shutdown total=0 bar=0 other=0 mobile=0 showBar=0 showBarNTP=1
2026-08-15 13:11:35.766: [INFO] CurrentProfilePath: D:\JAVA\Spring-Boot-2026\SB-Workspaces\03-spring-JDBC\.metadata\.plugins\org.eclipse.swt\EBWebView\Default
2026-08-15 13:11:35.766: [INFO] Profiles total count: 1
2026-08-15 13:11:35.766: [INFO] Profile: name=Profile 1 path=D:\JAVA\Spring-Boot-2026\SB-Workspaces\03-spring-JDBC\.metadata\.plugins\org.eclipse.swt\EBWebView\Default lastActive=null
2026-08-15 13:11:35.766: [INFO] LastUsedProfileDir: D:\JAVA\Spring-Boot-2026\SB-Workspaces\03-spring-JDBC\.metadata\.plugins\org.eclipse.swt\EBWebView\Default
2026-08-15 13:11:35.766: [INFO] OnDoneLoading sync enabled: 0
2026-08-15 13:11:35.766: [INFO] BookmarkModelLoaded, ids_reassigned: 0
2026-08-15 13:11:35.766: [INFO] BookmarksLoadDropped droppedNodes=0
2026-08-15 13:11:35.766: [INFO] BookmarksSnapshot Startup total=0 bar=0 other=0 mobile=0 showBar=0 showBarNTP=1
2026-08-15 13:11:43.773: [INFO] BookmarksSnapshot Shutdown total=0 bar=0 other=0 mobile=0 showBar=0 showBarNTP=1
2026-08-15 13:11:44.728: [INFO] CurrentProfilePath: D:\JAVA\Spring-Boot-2026\SB-Workspaces\03-spring-JDBC\.metadata\.plugins\org.eclipse.swt\EBWebView\Default
2026-08-15 13:11:44.728: [INFO] Profiles total count: 1
2026-08-15 13:11:44.728: [INFO] Profile: name=Profile 1 path=D:\JAVA\Spring-Boot-2026\SB-Workspaces\03-spring-JDBC\.metadata\.plugins\org.eclipse.swt\EBWebView\Default lastActive=null
2026-08-15 13:11:44.728: [INFO] LastUsedProfileDir: D:\JAVA\Spring-Boot-2026\SB-Workspaces\03-spring-JDBC\.metadata\.plugins\org.eclipse.swt\EBWebView\Default
2026-08-15 13:11:44.728: [INFO] OnDoneLoading sync enabled: 0
2026-08-15 13:11:44.728: [INFO] BookmarkModelLoaded, ids_reassigned: 0
2026-08-15 13:11:44.728: [INFO] BookmarksLoadDropped droppedNodes=0
2026-08-15 13:11:44.729: [INFO] BookmarksSnapshot Startup total=0 bar=0 other=0 mobile=0 showBar=0 showBarNTP=1
2026-08-15 13:11:45.077: [INFO] BookmarksSnapshot Shutdown total=0 bar=0 other=0 mobile=0 showBar=0 showBarNTP=1
2026-08-15 13:12:11.762: [INFO] CurrentProfilePath: D:\JAVA\Spring-Boot-2026\SB-Workspaces\03-spring-JDBC\.metadata\.plugins\org.eclipse.swt\EBWebView\Default
2026-08-15 13:12:11.762: [INFO] Profiles total count: 1
2026-08-15 13:12:11.762: [INFO] Profile: name=Profile 1 path=D:\JAVA\Spring-Boot-2026\SB-Workspaces\03-spring-JDBC\.metadata\.plugins\org.eclipse.swt\EBWebView\Default lastActive=null
2026-08-15 13:12:11.762: [INFO] LastUsedProfileDir: D:\JAVA\Spring-Boot-2026\SB-Workspaces\03-spring-JDBC\.metadata\.plugins\org.eclipse.swt\EBWebView\Default
2026-08-15 13:12:11.762: [INFO] OnDoneLoading sync enabled: 0
2026-08-15 13:12:11.762: [INFO] BookmarkModelLoaded, ids_reassigned: 0
2026-08-15 13:12:11.762: [INFO] BookmarksLoadDropped droppedNodes=0
2026-08-15 13:12:11.762: [INFO] BookmarksSnapshot Startup total=0 bar=0 other=0 mobile=0 showBar=0 showBarNTP=1
2026-08-15 13:12:12.008: [INFO] BookmarksSnapshot Shutdown total=0 bar=0 other=0 mobile=0 showBar=0 showBarNTP=1
2026-08-15 13:12:12.745: [INFO] CurrentProfilePath: D:\JAVA\Spring-Boot-2026\SB-Workspaces\03-spring-JDBC\.metadata\.plugins\org.eclipse.swt\EBWebView\Default
2026-08-15 13:12:12.745: [INFO] Profiles total count: 1
2026-08-15 13:12:12.745: [INFO] Profile: name=Profile 1 path=D:\JAVA\Spring-Boot-2026\SB-Workspaces\03-spring-JDBC\.metadata\.plugins\org.eclipse.swt\EBWebView\Default lastActive=null
2026-08-15 13:12:12.745: [INFO] LastUsedProfileDir: D:\JAVA\Spring-Boot-2026\SB-Workspaces\03-spring-JDBC\.metadata\.plugins\org.eclipse.swt\EBWebView\Default
2026-08-15 13:12:12.745: [INFO] OnDoneLoading sync enabled: 0
2026-08-15 13:12:12.745: [INFO] BookmarkModelLoaded, ids_reassigned: 0
2026-08-15 13:12:12.745: [INFO] BookmarksLoadDropped droppedNodes=0
2026-08-15 13:12:12.745: [INFO] BookmarksSnapshot Startup total=0 bar=0 other=0 mobile=0 showBar=0 showBarNTP=1
2026-08-15 13:12:23.084: [INFO] BookmarksSnapshot Shutdown total=0 bar=0 other=0 mobile=0 showBar=0 showBarNTP=1
2026-08-15 13:12:28.102: [INFO] CurrentProfilePath: D:\JAVA\Spring-Boot-2026\SB-Workspaces\03-spring-JDBC\.metadata\.plugins\org.eclipse.swt\EBWebView\Default
2026-08-15 13:12:28.102: [INFO] Profiles total count: 1
2026-08-15 13:12:28.102: [INFO] Profile: name=Profile 1 path=D:\JAVA\Spring-Boot-2026\SB-Workspaces\03-spring-JDBC\.metadata\.plugins\org.eclipse.swt\EBWebView\Default lastActive=null
2026-08-15 13:12:28.102: [INFO] LastUsedProfileDir: D:\JAVA\Spring-Boot-2026\SB-Workspaces\03-spring-JDBC\.metadata\.plugins\org.eclipse.swt\EBWebView\Default
2026-08-15 13:12:28.102: [INFO] OnDoneLoading sync enabled: 0
2026-08-15 13:12:28.102: [INFO] BookmarkModelLoaded, ids_reassigned: 0
2026-08-15 13:12:28.102: [INFO] BookmarksLoadDropped droppedNodes=0
2026-08-15 13:12:28.102: [INFO] BookmarksSnapshot Startup total=0 bar=0 other=0 mobile=0 showBar=0 showBarNTP=1
2026-08-15 13:12:33.402: [INFO] BookmarksSnapshot Shutdown total=0 bar=0 other=0 mobile=0 showBar=0 showBarNTP=1
2026-08-15 13:13:03.741: [INFO] CurrentProfilePath: D:\JAVA\Spring-Boot-2026\SB-Workspaces\03-spring-JDBC\.metadata\.plugins\org.eclipse.swt\EBWebView\Default
2026-08-15 13:13:03.741: [INFO] Profiles total count: 1
2026-08-15 13:13:03.741: [INFO] Profile: name=Profile 1 path=D:\JAVA\Spring-Boot-2026\SB-Workspaces\03-spring-JDBC\.metadata\.plugins\org.eclipse.swt\EBWebView\Default lastActive=null
2026-08-15 13:13:03.741: [INFO] LastUsedProfileDir: D:\JAVA\Spring-Boot-2026\SB-Workspaces\03-spring-JDBC\.metadata\.plugins\org.eclipse.swt\EBWebView\Default
2026-08-15 13:13:03.741: [INFO] OnDoneLoading sync enabled: 0
2026-08-15 13:13:03.741: [INFO] BookmarkModelLoaded, ids_reassigned: 0
2026-08-15 13:13:03.741: [INFO] BookmarksLoadDropped droppedNodes=0
2026-08-15 13:13:03.741: [INFO] BookmarksSnapshot Startup total=0 bar=0 other=0 mobile=0 showBar=0 showBarNTP=1
2026-08-15 13:49:52.682: [INFO] BookmarksSnapshot Shutdown total=0 bar=0 other=0 mobile=0 showBar=0 showBarNTP=1
